Arguments: 
  C:\Program Files\nodejs\node.exe C:\Users\91954\AppData\Roaming\npm\node_modules\yarn\bin\yarn.js install

PATH: 
  C:\Program Files\OpenLogic\jdk-11.0.21.9-hotspot\bin;C:\WINDOWS\system32;C:\WINDOWS;C:\WINDOWS\System32\Wbem;C:\WINDOWS\System32\WindowsPowerShell\v1.0\;C:\WINDOWS\System32\OpenSSH\;C:\Program Files\Git\cmd;C:\Program Files\MongoDB\Server\6.0\bin;C:\mongosh-1.6\bin;C:\Users\91954\AppData\Roaming\npm;C:\Program Files\MongoDB\Tools\100\bin;C:\Program Files\OpenLogic\jdk-11.0.21.9-hotspot\;C:\Users\91954\AppData\Local\Android\Sdk;C:\Users\91954\AppData\Local\Android\Sdk\platform-tools;C:\Users\91954\AppData\Local\Android\Sdk\emulator;C:\Users\91954\AppData\Local\Android\Sdk\tools;C:\Users\91954\AppData\Local\Android\Sdk\tools\bin;C:\Users\91954\AppData\Roaming\nvm;C:\Program Files\nodejs;C:\ProgramData\chocolatey\bin;C:\Program Files\Docker\Docker\resources\bin;C:\Users\91954\AppData\Local\Programs\Python\Python313;C:\Users\91954\AppData\Local\Programs\Python\Python313\Scripts\;C:\Users\91954\AppData\Local\Programs\Python\Python313\;C:\Users\91954\AppData\Local\Programs\Python\Launcher\;C:\Users\91954\AppData\Local\Android\Sdk\tools;C:\Users\91954\AppData\Local\jdk-11.0.2\bin;C:\Users\91954\AppData\Local\Android\Sdk\platform-tools;C:\Program Files\Java\jdk-18.0.2.1;C:\MinGW\bin;C:\ProgramData\91954\GitHubDesktop\bin;C:\Users\91954\AppData\Roaming\npm;C:\Program Files\OpenLogic\jdk-11.0.21.9-hotspot;C:\Users\91954\AppData\Local\Programs\Microsoft VS Code\bin;C:\Users\91954\AppData\Roaming\nvm;C:\Program Files\nodejs

Yarn version: 
  1.22.19

Node version: 
  16.18.0

Platform: 
  win32 x64

Trace: 
  SyntaxError: C:\Users\91954\OneDrive\Documents\GitHub\ArabDeal-Web\package.json: Unexpected token } in JSON at position 1663
      at JSON.parse (<anonymous>)
      at C:\Users\91954\AppData\Roaming\npm\node_modules\yarn\lib\cli.js:1629:59
      at Generator.next (<anonymous>)
      at step (C:\Users\91954\AppData\Roaming\npm\node_modules\yarn\lib\cli.js:310:30)
      at C:\Users\91954\AppData\Roaming\npm\node_modules\yarn\lib\cli.js:321:13

npm manifest: 
  {
    "name": "porto-react",
    "version": "2.1.0",
    "private": true,
    "scripts": {
      "dev": "next dev",
      "build": "next build && next export",
      "prod-build": "next build",
      "start": "next start",
      "prod-start": "next start --port 3003"
    },
    "dependencies": {
      "@apollo/client": "^3.8.6",
      "@apollo/experimental-nextjs-app-support": "^0.4.3",
      "@apollo/react-hooks": "^4.0.0",
      "@emotion/core": "^11.0.0",
      "@emotion/react": "^11.4.1",
      "@reduxjs/toolkit": "^2.2.2",
      "dayjs": "^1.11.10",
      "fbemitter": "^3.0.0",
      "google-map-react": "^2.1.10",
      "graphql": "^16.8.1",
      "js-cookie": "^3.0.1",
      "next": "^10.2.3",
      "next-apollo": "^5.0.8",
      "next-redux-wrapper": "^8.1.0",
      "rc-tree": "^5.2.1",
      "react": "^16.14.0",
      "react-awesome-reveal": "^3.8.1",
      "react-countdown": "^2.3.2",
      "react-dom": "^16.8.0",
      "react-helmet": "^6.1.0",
      "react-hook-form": "^7.50.0",
      "react-icons": "^4.10.1",
      "react-image-lightbox": "^5.1.4",
      "react-image-magnifiers": "^1.4.0",
      "react-infinite-scroll-component": "^6.1.0",
      "react-input-range": "^1.3.0",
      "react-lazy-load-image-component": "^1.6.0",
      "react-modal": "^3.14.3",
      "react-otp-input": "^3.0.4",
      "react-owl-carousel2": "^0.3.0",
      "react-redux": "^7.2.5",
      "react-select": "^5.8.0",
      "react-slide-toggle": "^0.3.5",
      "react-sticky-box": "^0.9.3",
      "react-tabs": "^3.2.2",
      "react-toastify": "^8.0.3",
      "redux": "^4.1.1",
      "redux-persist": "^6.0.0",
      "redux-saga": "^1.1.3",
      "sass": "^1.42.1"
    },
    "devDependencies": {
      "cross-env": "^7.0.3",
      "file-loader": "^6.2.0"
    },
  }

yarn manifest: 
  No manifest

Lockfile: 
  No lockfile
